// Jest Snapshot v1, https://goo.gl/fbAQLP

exports[`NewSnippetButton should render without crashing 1`] = `
ShallowWrapper {
  "length": 1,
  Symbol(enzyme.__root__): [Circular],
  Symbol(enzyme.__unrendered__): <NewSnippetButton
    showModal={[Function]}
  />,
  Symbol(enzyme.__renderer__): Object {
    "batchedUpdates": [Function],
    "getNode": [Function],
    "render": [Function],
    "simulateEvent": [Function],
    "unmount": [Function],
  },
  Symbol(enzyme.__node__): Object {
    "instance": null,
    "key": undefined,
    "nodeType": "class",
    "props": Object {
      "children": "+ Add New Snippet",
      "className": "rounded",
      "onClick": [Function],
      "type": "button",
    },
    "ref": null,
    "rendered": "+ Add New Snippet",
    "type": [Function],
  },
  Symbol(enzyme.__nodes__): Array [
    Object {
      "instance": null,
      "key": undefined,
      "nodeType": "class",
      "props": Object {
        "children": "+ Add New Snippet",
        "className": "rounded",
        "onClick": [Function],
        "type": "button",
      },
      "ref": null,
      "rendered": "+ Add New Snippet",
      "type": [Function],
    },
  ],
  Symbol(enzyme.__options__): Object {
    "adapter": ReactSixteenAdapter {
      "options": Object {
        "enableComponentDidUpdateOnSetState": true,
      },
    },
  },
}
`;
