// Jest Snapshot v1, https://goo.gl/fbAQLP

exports[`SearchBar should render without crashing 1`] = `
ShallowWrapper {
  "length": 1,
  Symbol(enzyme.__root__): [Circular],
  Symbol(enzyme.__unrendered__): <SearchBar
    onChange={[Function]}
  />,
  Symbol(enzyme.__renderer__): Object {
    "batchedUpdates": [Function],
    "getNode": [Function],
    "render": [Function],
    "simulateEvent": [Function],
    "unmount": [Function],
  },
  Symbol(enzyme.__node__): Object {
    "instance": null,
    "key": undefined,
    "nodeType": "class",
    "props": Object {
      "children": <div
        className="input-group mb-3"
      >
        <input
          className="form-control"
          data-test="search"
          onChange={[Function]}
          placeholder="Search ..."
          type="text"
        />
        <div
          className="input-group-append"
        >
          <span
            className="input-group-text"
            id="basic-addon2"
          >
            <FontAwesomeIcon$1
              border={false}
              className=""
              fixedWidth={false}
              flip={null}
              icon={
                Object {
                  "icon": Array [
                    512,
                    512,
                    Array [],
                    "f002",
                    "M505 442.7L405.3 343c-4.5-4.5-10.6-7-17-7H372c27.6-35.3 44-79.7 44-128C416 93.1 322.9 0 208 0S0 93.1 0 208s93.1 208 208 208c48.3 0 92.7-16.4 128-44v16.3c0 6.4 2.5 12.5 7 17l99.7 99.7c9.4 9.4 24.6 9.4 33.9 0l28.3-28.3c9.4-9.4 9.4-24.6.1-34zM208 336c-70.7 0-128-57.2-128-128 0-70.7 57.2-128 128-128 70.7 0 128 57.2 128 128 0 70.7-57.2 128-128 128z",
                  ],
                  "iconName": "search",
                  "prefix": "fas",
                }
              }
              listItem={false}
              mask={null}
              name=""
              pull={null}
              pulse={false}
              rotation={null}
              size={null}
              spin={false}
              symbol={false}
              transform={null}
            />
          </span>
        </div>
      </div>,
    },
    "ref": null,
    "rendered": Object {
      "instance": null,
      "key": undefined,
      "nodeType": "host",
      "props": Object {
        "children": Array [
          <input
            className="form-control"
            data-test="search"
            onChange={[Function]}
            placeholder="Search ..."
            type="text"
          />,
          <div
            className="input-group-append"
          >
            <span
              className="input-group-text"
              id="basic-addon2"
            >
              <FontAwesomeIcon$1
                border={false}
                className=""
                fixedWidth={false}
                flip={null}
                icon={
                  Object {
                    "icon": Array [
                      512,
                      512,
                      Array [],
                      "f002",
                      "M505 442.7L405.3 343c-4.5-4.5-10.6-7-17-7H372c27.6-35.3 44-79.7 44-128C416 93.1 322.9 0 208 0S0 93.1 0 208s93.1 208 208 208c48.3 0 92.7-16.4 128-44v16.3c0 6.4 2.5 12.5 7 17l99.7 99.7c9.4 9.4 24.6 9.4 33.9 0l28.3-28.3c9.4-9.4 9.4-24.6.1-34zM208 336c-70.7 0-128-57.2-128-128 0-70.7 57.2-128 128-128 70.7 0 128 57.2 128 128 0 70.7-57.2 128-128 128z",
                    ],
                    "iconName": "search",
                    "prefix": "fas",
                  }
                }
                listItem={false}
                mask={null}
                name=""
                pull={null}
                pulse={false}
                rotation={null}
                size={null}
                spin={false}
                symbol={false}
                transform={null}
              />
            </span>
          </div>,
        ],
        "className": "input-group mb-3",
      },
      "ref": null,
      "rendered": Array [
        Object {
          "instance": null,
          "key": undefined,
          "nodeType": "host",
          "props": Object {
            "className": "form-control",
            "data-test": "search",
            "onChange": [Function],
            "placeholder": "Search ...",
            "type": "text",
          },
          "ref": null,
          "rendered": null,
          "type": "input",
        },
        Object {
          "instance": null,
          "key": undefined,
          "nodeType": "host",
          "props": Object {
            "children": <span
              className="input-group-text"
              id="basic-addon2"
            >
              <FontAwesomeIcon$1
                border={false}
                className=""
                fixedWidth={false}
                flip={null}
                icon={
                  Object {
                    "icon": Array [
                      512,
                      512,
                      Array [],
                      "f002",
                      "M505 442.7L405.3 343c-4.5-4.5-10.6-7-17-7H372c27.6-35.3 44-79.7 44-128C416 93.1 322.9 0 208 0S0 93.1 0 208s93.1 208 208 208c48.3 0 92.7-16.4 128-44v16.3c0 6.4 2.5 12.5 7 17l99.7 99.7c9.4 9.4 24.6 9.4 33.9 0l28.3-28.3c9.4-9.4 9.4-24.6.1-34zM208 336c-70.7 0-128-57.2-128-128 0-70.7 57.2-128 128-128 70.7 0 128 57.2 128 128 0 70.7-57.2 128-128 128z",
                    ],
                    "iconName": "search",
                    "prefix": "fas",
                  }
                }
                listItem={false}
                mask={null}
                name=""
                pull={null}
                pulse={false}
                rotation={null}
                size={null}
                spin={false}
                symbol={false}
                transform={null}
              />
            </span>,
            "className": "input-group-append",
          },
          "ref": null,
          "rendered": Object {
            "instance": null,
            "key": undefined,
            "nodeType": "host",
            "props": Object {
              "children": <FontAwesomeIcon$1
                border={false}
                className=""
                fixedWidth={false}
                flip={null}
                icon={
                  Object {
                    "icon": Array [
                      512,
                      512,
                      Array [],
                      "f002",
                      "M505 442.7L405.3 343c-4.5-4.5-10.6-7-17-7H372c27.6-35.3 44-79.7 44-128C416 93.1 322.9 0 208 0S0 93.1 0 208s93.1 208 208 208c48.3 0 92.7-16.4 128-44v16.3c0 6.4 2.5 12.5 7 17l99.7 99.7c9.4 9.4 24.6 9.4 33.9 0l28.3-28.3c9.4-9.4 9.4-24.6.1-34zM208 336c-70.7 0-128-57.2-128-128 0-70.7 57.2-128 128-128 70.7 0 128 57.2 128 128 0 70.7-57.2 128-128 128z",
                    ],
                    "iconName": "search",
                    "prefix": "fas",
                  }
                }
                listItem={false}
                mask={null}
                name=""
                pull={null}
                pulse={false}
                rotation={null}
                size={null}
                spin={false}
                symbol={false}
                transform={null}
              />,
              "className": "input-group-text",
              "id": "basic-addon2",
            },
            "ref": null,
            "rendered": Object {
              "instance": null,
              "key": undefined,
              "nodeType": "function",
              "props": Object {
                "border": false,
                "className": "",
                "fixedWidth": false,
                "flip": null,
                "icon": Object {
                  "icon": Array [
                    512,
                    512,
                    Array [],
                    "f002",
                    "M505 442.7L405.3 343c-4.5-4.5-10.6-7-17-7H372c27.6-35.3 44-79.7 44-128C416 93.1 322.9 0 208 0S0 93.1 0 208s93.1 208 208 208c48.3 0 92.7-16.4 128-44v16.3c0 6.4 2.5 12.5 7 17l99.7 99.7c9.4 9.4 24.6 9.4 33.9 0l28.3-28.3c9.4-9.4 9.4-24.6.1-34zM208 336c-70.7 0-128-57.2-128-128 0-70.7 57.2-128 128-128 70.7 0 128 57.2 128 128 0 70.7-57.2 128-128 128z",
                  ],
                  "iconName": "search",
                  "prefix": "fas",
                },
                "listItem": false,
                "mask": null,
                "name": "",
                "pull": null,
                "pulse": false,
                "rotation": null,
                "size": null,
                "spin": false,
                "symbol": false,
                "transform": null,
              },
              "ref": null,
              "rendered": null,
              "type": [Function],
            },
            "type": "span",
          },
          "type": "div",
        },
      ],
      "type": "div",
    },
    "type": [Function],
  },
  Symbol(enzyme.__nodes__): Array [
    Object {
      "instance": null,
      "key": undefined,
      "nodeType": "class",
      "props": Object {
        "children": <div
          className="input-group mb-3"
        >
          <input
            className="form-control"
            data-test="search"
            onChange={[Function]}
            placeholder="Search ..."
            type="text"
          />
          <div
            className="input-group-append"
          >
            <span
              className="input-group-text"
              id="basic-addon2"
            >
              <FontAwesomeIcon$1
                border={false}
                className=""
                fixedWidth={false}
                flip={null}
                icon={
                  Object {
                    "icon": Array [
                      512,
                      512,
                      Array [],
                      "f002",
                      "M505 442.7L405.3 343c-4.5-4.5-10.6-7-17-7H372c27.6-35.3 44-79.7 44-128C416 93.1 322.9 0 208 0S0 93.1 0 208s93.1 208 208 208c48.3 0 92.7-16.4 128-44v16.3c0 6.4 2.5 12.5 7 17l99.7 99.7c9.4 9.4 24.6 9.4 33.9 0l28.3-28.3c9.4-9.4 9.4-24.6.1-34zM208 336c-70.7 0-128-57.2-128-128 0-70.7 57.2-128 128-128 70.7 0 128 57.2 128 128 0 70.7-57.2 128-128 128z",
                    ],
                    "iconName": "search",
                    "prefix": "fas",
                  }
                }
                listItem={false}
                mask={null}
                name=""
                pull={null}
                pulse={false}
                rotation={null}
                size={null}
                spin={false}
                symbol={false}
                transform={null}
              />
            </span>
          </div>
        </div>,
      },
      "ref": null,
      "rendered": Object {
        "instance": null,
        "key": undefined,
        "nodeType": "host",
        "props": Object {
          "children": Array [
            <input
              className="form-control"
              data-test="search"
              onChange={[Function]}
              placeholder="Search ..."
              type="text"
            />,
            <div
              className="input-group-append"
            >
              <span
                className="input-group-text"
                id="basic-addon2"
              >
                <FontAwesomeIcon$1
                  border={false}
                  className=""
                  fixedWidth={false}
                  flip={null}
                  icon={
                    Object {
                      "icon": Array [
                        512,
                        512,
                        Array [],
                        "f002",
                        "M505 442.7L405.3 343c-4.5-4.5-10.6-7-17-7H372c27.6-35.3 44-79.7 44-128C416 93.1 322.9 0 208 0S0 93.1 0 208s93.1 208 208 208c48.3 0 92.7-16.4 128-44v16.3c0 6.4 2.5 12.5 7 17l99.7 99.7c9.4 9.4 24.6 9.4 33.9 0l28.3-28.3c9.4-9.4 9.4-24.6.1-34zM208 336c-70.7 0-128-57.2-128-128 0-70.7 57.2-128 128-128 70.7 0 128 57.2 128 128 0 70.7-57.2 128-128 128z",
                      ],
                      "iconName": "search",
                      "prefix": "fas",
                    }
                  }
                  listItem={false}
                  mask={null}
                  name=""
                  pull={null}
                  pulse={false}
                  rotation={null}
                  size={null}
                  spin={false}
                  symbol={false}
                  transform={null}
                />
              </span>
            </div>,
          ],
          "className": "input-group mb-3",
        },
        "ref": null,
        "rendered": Array [
          Object {
            "instance": null,
            "key": undefined,
            "nodeType": "host",
            "props": Object {
              "className": "form-control",
              "data-test": "search",
              "onChange": [Function],
              "placeholder": "Search ...",
              "type": "text",
            },
            "ref": null,
            "rendered": null,
            "type": "input",
          },
          Object {
            "instance": null,
            "key": undefined,
            "nodeType": "host",
            "props": Object {
              "children": <span
                className="input-group-text"
                id="basic-addon2"
              >
                <FontAwesomeIcon$1
                  border={false}
                  className=""
                  fixedWidth={false}
                  flip={null}
                  icon={
                    Object {
                      "icon": Array [
                        512,
                        512,
                        Array [],
                        "f002",
                        "M505 442.7L405.3 343c-4.5-4.5-10.6-7-17-7H372c27.6-35.3 44-79.7 44-128C416 93.1 322.9 0 208 0S0 93.1 0 208s93.1 208 208 208c48.3 0 92.7-16.4 128-44v16.3c0 6.4 2.5 12.5 7 17l99.7 99.7c9.4 9.4 24.6 9.4 33.9 0l28.3-28.3c9.4-9.4 9.4-24.6.1-34zM208 336c-70.7 0-128-57.2-128-128 0-70.7 57.2-128 128-128 70.7 0 128 57.2 128 128 0 70.7-57.2 128-128 128z",
                      ],
                      "iconName": "search",
                      "prefix": "fas",
                    }
                  }
                  listItem={false}
                  mask={null}
                  name=""
                  pull={null}
                  pulse={false}
                  rotation={null}
                  size={null}
                  spin={false}
                  symbol={false}
                  transform={null}
                />
              </span>,
              "className": "input-group-append",
            },
            "ref": null,
            "rendered": Object {
              "instance": null,
              "key": undefined,
              "nodeType": "host",
              "props": Object {
                "children": <FontAwesomeIcon$1
                  border={false}
                  className=""
                  fixedWidth={false}
                  flip={null}
                  icon={
                    Object {
                      "icon": Array [
                        512,
                        512,
                        Array [],
                        "f002",
                        "M505 442.7L405.3 343c-4.5-4.5-10.6-7-17-7H372c27.6-35.3 44-79.7 44-128C416 93.1 322.9 0 208 0S0 93.1 0 208s93.1 208 208 208c48.3 0 92.7-16.4 128-44v16.3c0 6.4 2.5 12.5 7 17l99.7 99.7c9.4 9.4 24.6 9.4 33.9 0l28.3-28.3c9.4-9.4 9.4-24.6.1-34zM208 336c-70.7 0-128-57.2-128-128 0-70.7 57.2-128 128-128 70.7 0 128 57.2 128 128 0 70.7-57.2 128-128 128z",
                      ],
                      "iconName": "search",
                      "prefix": "fas",
                    }
                  }
                  listItem={false}
                  mask={null}
                  name=""
                  pull={null}
                  pulse={false}
                  rotation={null}
                  size={null}
                  spin={false}
                  symbol={false}
                  transform={null}
                />,
                "className": "input-group-text",
                "id": "basic-addon2",
              },
              "ref": null,
              "rendered": Object {
                "instance": null,
                "key": undefined,
                "nodeType": "function",
                "props": Object {
                  "border": false,
                  "className": "",
                  "fixedWidth": false,
                  "flip": null,
                  "icon": Object {
                    "icon": Array [
                      512,
                      512,
                      Array [],
                      "f002",
                      "M505 442.7L405.3 343c-4.5-4.5-10.6-7-17-7H372c27.6-35.3 44-79.7 44-128C416 93.1 322.9 0 208 0S0 93.1 0 208s93.1 208 208 208c48.3 0 92.7-16.4 128-44v16.3c0 6.4 2.5 12.5 7 17l99.7 99.7c9.4 9.4 24.6 9.4 33.9 0l28.3-28.3c9.4-9.4 9.4-24.6.1-34zM208 336c-70.7 0-128-57.2-128-128 0-70.7 57.2-128 128-128 70.7 0 128 57.2 128 128 0 70.7-57.2 128-128 128z",
                    ],
                    "iconName": "search",
                    "prefix": "fas",
                  },
                  "listItem": false,
                  "mask": null,
                  "name": "",
                  "pull": null,
                  "pulse": false,
                  "rotation": null,
                  "size": null,
                  "spin": false,
                  "symbol": false,
                  "transform": null,
                },
                "ref": null,
                "rendered": null,
                "type": [Function],
              },
              "type": "span",
            },
            "type": "div",
          },
        ],
        "type": "div",
      },
      "type": [Function],
    },
  ],
  Symbol(enzyme.__options__): Object {
    "adapter": ReactSixteenAdapter {
      "options": Object {
        "enableComponentDidUpdateOnSetState": true,
      },
    },
  },
}
`;
